// Jest Snapshot v1, https://goo.gl/fbAQLP

exports[`render card snapshot 1`] = `
<View
  accessible={true}
  focusable={true}
  onClick={[Function]}
  onResponderGrant={[Function]}
  onResponderMove={[Function]}
  onResponderRelease={[Function]}
  onResponderTerminate={[Function]}
  onResponderTerminationRequest={[Function]}
  onStartShouldSetResponder={[Function]}
  style={
    Object {
      "borderBottomColor": "red",
      "borderBottomWidth": 1,
      "marginTop": 8,
      "padding": 8,
      "paddingBottom": 8,
    }
  }
>
  <Text>
    123
  </Text>
  <Image
    source={
      Object {
        "uri": "https://picsum.photos/200/300",
      }
    }
    style={
      Object {
        "height": 150,
        "resizeMode": "contain",
        "width": "100%",
      }
    }
  />
</View>
`;
